AR videomem behavioral C:/Users/Aaron/Documents/ise/demo8/extendedlab8files/videomem.vhd sub00/vhpl19 1415921164
AR videomem_master behavioral C:/Users/Aaron/Documents/ise/demo8/extendedlab8files/master.vhd sub00/vhpl11 1415921154
EN wb_vga640x480 NULL C:/Users/Aaron/Documents/ise/demo8/extendedlab8files/wb_vga640x480.vhd sub00/vhpl12 1415921155
EN sram16ctl NULL C:/Users/Aaron/Documents/ise/demo8/extendedlab8files/sram16ctl.vhd sub00/vhpl14 1415921159
AR char8x12_lookup_table behavioral C:/Users/Aaron/Documents/ise/demo8/extendedlab8files/char8x12_lookup_table.vhd sub00/vhpl03 1415921144
AR rock_master behavioral C:/Users/Aaron/Documents/ise/demo8/rock_master.vhd sub00/vhpl21 1415921158
AR clock_divider behavioral C:/Users/Aaron/Documents/ise/demo8/extendedlab8files/clock_divider.vhd sub00/vhpl01 1415921148
AR wb_ps2_kb behavioral C:/Users/Aaron/Documents/ise/demo8/extendedlab8files/wb_ps2_kb.vhd sub00/vhpl17 1415921162
EN wb_ps2_kb NULL C:/Users/Aaron/Documents/ise/demo8/extendedlab8files/wb_ps2_kb.vhd sub00/vhpl16 1415921161
EN clock_divider NULL C:/Users/Aaron/Documents/ise/demo8/extendedlab8files/clock_divider.vhd sub00/vhpl00 1415921147
AR sram16ctl behavioral C:/Users/Aaron/Documents/ise/demo8/extendedlab8files/sram16ctl.vhd sub00/vhpl15 1415921160
AR wb_vga640x480 behavioral C:/Users/Aaron/Documents/ise/demo8/extendedlab8files/wb_vga640x480.vhd sub00/vhpl13 1415921156
EN scancode2ascii NULL C:/Users/Aaron/Documents/ise/demo8/extendedlab8files/scancode2ascii.vhd sub00/vhpl04 1415921145
EN rock_master NULL C:/Users/Aaron/Documents/ise/demo8/rock_master.vhd sub00/vhpl20 1415921157
EN char8x12_lookup_table NULL C:/Users/Aaron/Documents/ise/demo8/extendedlab8files/char8x12_lookup_table.vhd sub00/vhpl02 1415921143
AR wb_arbiter arb0001a1 C:/Users/Aaron/Documents/ise/demo8/extendedlab8files/wb_arbiter.vhd sub00/vhpl07 1415921150
EN wb_arbiter NULL C:/Users/Aaron/Documents/ise/demo8/extendedlab8files/wb_arbiter.vhd sub00/vhpl06 1415921149
AR scancode2ascii behavioral C:/Users/Aaron/Documents/ise/demo8/extendedlab8files/scancode2ascii.vhd sub00/vhpl05 1415921146
EN videomem NULL C:/Users/Aaron/Documents/ise/demo8/extendedlab8files/videomem.vhd sub00/vhpl18 1415921163
AR wb_intercon icn0002a1 C:/Users/Aaron/Documents/ise/demo8/extendedlab8files/wb_intercon.vhd sub00/vhpl09 1415921152
EN videomem_master NULL C:/Users/Aaron/Documents/ise/demo8/extendedlab8files/master.vhd sub00/vhpl10 1415921153
EN wb_intercon NULL C:/Users/Aaron/Documents/ise/demo8/extendedlab8files/wb_intercon.vhd sub00/vhpl08 1415921151
