--------------------------------------------------------------------------------
Release 14.7 Trace  (nt64)
Copyright (c) 1995-2013 Xilinx, Inc.  All rights reserved.

C:\Xilinx\14.7\ISE_DS\ISE\bin\nt64\unwrapped\trce.exe -intstyle ise -v 3 -s 4
-n 3 -fastpaths -xml videomem.twx videomem.ncd -o videomem.twr videomem.pcf

Design file:              videomem.ncd
Physical constraint file: videomem.pcf
Device,package,speed:     xc3s500e,fg320,-4 (PRODUCTION 1.27 2013-10-13)
Report level:             verbose report

Environment Variable      Effect 
--------------------      ------ 
NONE                      No environment variables were set
--------------------------------------------------------------------------------

INFO:Timing:2698 - No timing constraints found, doing default enumeration.
INFO:Timing:3412 - To improve timing, see the Timing Closure User Guide (UG612).
INFO:Timing:2752 - To get complete path coverage, use the unconstrained paths 
   option. All paths that are not constrained will be reported in the 
   unconstrained paths section(s) of the report.
INFO:Timing:3339 - The clock-to-out numbers in this timing report are based on 
   a 50 Ohm transmission line loading model.  For the details of this model, 
   and for more information on accounting for different loading conditions, 
   please see the device datasheet.
INFO:Timing:3390 - This architecture does not support a default System Jitter 
   value, please add SYSTEM_JITTER constraint to the UCF to modify the Clock 
   Uncertainty calculation.
INFO:Timing:3389 - This architecture does not support 'Discrete Jitter' and 
   'Phase Error' calculations, these terms will be zero in the Clock 
   Uncertainty calculation.  Please make appropriate modification to 
   SYSTEM_JITTER to account for the unsupported Discrete Jitter and Phase 
   Error.



Data Sheet report:
-----------------
All values displayed in nanoseconds (ns)

Setup/Hold to clock clk
------------+------------+------------+------------------+--------+
            |Max Setup to|Max Hold to |                  | Clock  |
Source      | clk (edge) | clk (edge) |Internal Clock(s) | Phase  |
------------+------------+------------+------------------+--------+
MemDB<0>    |    2.134(R)|   -0.151(R)|clk_BUFGP         |   0.000|
MemDB<1>    |    2.150(R)|    0.140(R)|clk_BUFGP         |   0.000|
MemDB<2>    |    2.556(R)|   -0.446(R)|clk_BUFGP         |   0.000|
MemDB<3>    |    2.820(R)|    0.325(R)|clk_BUFGP         |   0.000|
MemDB<4>    |    2.312(R)|    0.022(R)|clk_BUFGP         |   0.000|
MemDB<5>    |    3.599(R)|   -0.177(R)|clk_BUFGP         |   0.000|
MemDB<6>    |    2.633(R)|   -0.635(R)|clk_BUFGP         |   0.000|
MemDB<7>    |    2.548(R)|   -0.554(R)|clk_BUFGP         |   0.000|
MemDB<8>    |    1.653(R)|    0.398(R)|clk_BUFGP         |   0.000|
MemDB<9>    |    2.291(R)|    0.396(R)|clk_BUFGP         |   0.000|
MemDB<10>   |    2.135(R)|    0.330(R)|clk_BUFGP         |   0.000|
MemDB<11>   |    2.092(R)|    0.322(R)|clk_BUFGP         |   0.000|
MemDB<12>   |    2.325(R)|    0.139(R)|clk_BUFGP         |   0.000|
MemDB<13>   |    2.254(R)|   -0.084(R)|clk_BUFGP         |   0.000|
MemDB<14>   |    2.626(R)|    0.145(R)|clk_BUFGP         |   0.000|
MemDB<15>   |    3.228(R)|   -0.506(R)|clk_BUFGP         |   0.000|
btn<3>      |    5.919(R)|    0.336(R)|clk_BUFGP         |   0.000|
------------+------------+------------+------------------+--------+

Setup/Hold to clock ps2c
------------+------------+------------+------------------+--------+
            |Max Setup to|Max Hold to |                  | Clock  |
Source      | clk (edge) | clk (edge) |Internal Clock(s) | Phase  |
------------+------------+------------+------------------+--------+
btn<3>      |    6.243(F)|    0.211(F)|ps2c_BUFGP        |   0.000|
ps2d        |    3.853(F)|    1.120(F)|ps2c_BUFGP        |   0.000|
------------+------------+------------+------------------+--------+

Clock clk to Pad
------------+------------+------------------+--------+
            | clk (edge) |                  | Clock  |
Destination |   to PAD   |Internal Clock(s) | Phase  |
------------+------------+------------------+--------+
MemAdr<1>   |   14.524(R)|clk_BUFGP         |   0.000|
MemAdr<2>   |   24.409(R)|clk_BUFGP         |   0.000|
MemAdr<3>   |   26.256(R)|clk_BUFGP         |   0.000|
MemAdr<4>   |   27.454(R)|clk_BUFGP         |   0.000|
MemAdr<5>   |   29.219(R)|clk_BUFGP         |   0.000|
MemAdr<6>   |   29.271(R)|clk_BUFGP         |   0.000|
MemAdr<7>   |   29.274(R)|clk_BUFGP         |   0.000|
MemAdr<8>   |   29.570(R)|clk_BUFGP         |   0.000|
MemAdr<9>   |   30.287(R)|clk_BUFGP         |   0.000|
MemAdr<10>  |   30.103(R)|clk_BUFGP         |   0.000|
MemAdr<11>  |   30.371(R)|clk_BUFGP         |   0.000|
MemAdr<12>  |   30.074(R)|clk_BUFGP         |   0.000|
MemAdr<13>  |   31.365(R)|clk_BUFGP         |   0.000|
MemAdr<14>  |   30.575(R)|clk_BUFGP         |   0.000|
MemAdr<15>  |   31.359(R)|clk_BUFGP         |   0.000|
MemAdr<16>  |   31.033(R)|clk_BUFGP         |   0.000|
MemAdr<17>  |   31.784(R)|clk_BUFGP         |   0.000|
MemAdr<18>  |   14.385(R)|clk_BUFGP         |   0.000|
MemAdr<19>  |   14.241(R)|clk_BUFGP         |   0.000|
MemAdr<20>  |   14.333(R)|clk_BUFGP         |   0.000|
MemAdr<21>  |   13.387(R)|clk_BUFGP         |   0.000|
MemAdr<22>  |   15.948(R)|clk_BUFGP         |   0.000|
MemAdr<23>  |   13.141(R)|clk_BUFGP         |   0.000|
MemDB<0>    |   12.806(R)|clk_BUFGP         |   0.000|
MemDB<1>    |   16.377(R)|clk_BUFGP         |   0.000|
MemDB<2>    |   17.137(R)|clk_BUFGP         |   0.000|
MemDB<3>    |   17.387(R)|clk_BUFGP         |   0.000|
MemDB<4>    |   13.325(R)|clk_BUFGP         |   0.000|
MemDB<5>    |   17.403(R)|clk_BUFGP         |   0.000|
MemDB<6>    |   17.408(R)|clk_BUFGP         |   0.000|
MemDB<7>    |   17.933(R)|clk_BUFGP         |   0.000|
MemDB<8>    |   12.556(R)|clk_BUFGP         |   0.000|
MemDB<9>    |   16.614(R)|clk_BUFGP         |   0.000|
MemDB<10>   |   16.870(R)|clk_BUFGP         |   0.000|
MemDB<11>   |   17.119(R)|clk_BUFGP         |   0.000|
MemDB<12>   |   11.988(R)|clk_BUFGP         |   0.000|
MemDB<13>   |   17.642(R)|clk_BUFGP         |   0.000|
MemDB<14>   |   18.410(R)|clk_BUFGP         |   0.000|
MemDB<15>   |   18.658(R)|clk_BUFGP         |   0.000|
MemWR       |   15.088(R)|clk_BUFGP         |   0.000|
RamCS       |   16.937(R)|clk_BUFGP         |   0.000|
vgaBlue<3>  |   14.892(R)|clk_BUFGP         |   0.000|
vgaGreen<3> |   15.402(R)|clk_BUFGP         |   0.000|
vgaRed<2>   |   15.713(R)|clk_BUFGP         |   0.000|
vgaRed<3>   |   15.576(R)|clk_BUFGP         |   0.000|
------------+------------+------------------+--------+

Clock to Setup on destination clock clk
---------------+---------+---------+---------+---------+
               | Src:Rise| Src:Fall| Src:Rise| Src:Fall|
Source Clock   |Dest:Rise|Dest:Rise|Dest:Fall|Dest:Fall|
---------------+---------+---------+---------+---------+
clk            |   10.887|         |         |         |
ps2c           |         |   13.143|         |         |
---------------+---------+---------+---------+---------+

Clock to Setup on destination clock ps2c
---------------+---------+---------+---------+---------+
               | Src:Rise| Src:Fall| Src:Rise| Src:Fall|
Source Clock   |Dest:Rise|Dest:Rise|Dest:Fall|Dest:Fall|
---------------+---------+---------+---------+---------+
ps2c           |         |         |         |    4.954|
---------------+---------+---------+---------+---------+


Analysis completed Mon Nov 17 18:20:54 2014 
--------------------------------------------------------------------------------

Trace Settings:
-------------------------
Trace Settings 

Peak Memory Usage: 192 MB



