V3 46
FL C:/Users/Aaron/Documents/ise/final/files/char8x12_lookup_table.vhd 2014/10/20.21:14:12 P.20131013
EN work/char8x12_lookup_table 1416261424 \
      FL C:/Users/Aaron/Documents/ise/final/files/char8x12_lookup_table.vhd \
      PB ieee/std_logic_1164 1381692176 PB ieee/std_logic_arith 1381692177 \
      PB ieee/STD_LOGIC_UNSIGNED 1381692179 LB UNISIM PH unisim/VCOMPONENTS 1381692182
AR work/char8x12_lookup_table/Behavioral 1416261425 \
      FL C:/Users/Aaron/Documents/ise/final/files/char8x12_lookup_table.vhd \
      EN work/char8x12_lookup_table 1416261424 CP RAMB16_S9
FL C:/Users/Aaron/Documents/ise/final/files/clock_divider.vhd 2014/10/02.15:10:02 P.20131013
EN work/clock_divider 1416261428 \
      FL C:/Users/Aaron/Documents/ise/final/files/clock_divider.vhd \
      PB ieee/std_logic_1164 1381692176 PB ieee/std_logic_arith 1381692177 \
      PB ieee/STD_LOGIC_UNSIGNED 1381692179
AR work/clock_divider/Behavioral 1416261429 \
      FL C:/Users/Aaron/Documents/ise/final/files/clock_divider.vhd \
      EN work/clock_divider 1416261428
FL C:/Users/Aaron/Documents/ise/final/files/master.vhd 2014/11/17.14:30:41 P.20131013
EN work/videomem_master 1416261434 \
      FL C:/Users/Aaron/Documents/ise/final/files/master.vhd \
      PB ieee/std_logic_1164 1381692176 PB ieee/std_logic_arith 1381692177 \
      PB ieee/STD_LOGIC_UNSIGNED 1381692179 PB ieee/MATH_REAL 1381692182
AR work/videomem_master/Behavioral 1416261435 \
      FL C:/Users/Aaron/Documents/ise/final/files/master.vhd \
      EN work/videomem_master 1416261434 CP work/char8x12_lookup_table \
      CP work/scancode2ascii
FL C:/Users/Aaron/Documents/ise/final/files/rock_master.vhd 2014/11/17.16:56:46 P.20131013
EN work/rock_master 1416261438 \
      FL C:/Users/Aaron/Documents/ise/final/files/rock_master.vhd \
      PB ieee/std_logic_1164 1381692176 PB ieee/std_logic_arith 1381692177 \
      PB ieee/STD_LOGIC_UNSIGNED 1381692179
AR work/rock_master/Behavioral 1416261439 \
      FL C:/Users/Aaron/Documents/ise/final/files/rock_master.vhd \
      EN work/rock_master 1416261438 CP work/char8x12_lookup_table \
      CP work/scancode2ascii
FL C:/Users/Aaron/Documents/ise/final/files/scancode2ascii.vhd 2014/11/13.15:12:22 P.20131013
EN work/scancode2ascii 1416261426 \
      FL C:/Users/Aaron/Documents/ise/final/files/scancode2ascii.vhd \
      PB ieee/std_logic_1164 1381692176 PB ieee/std_logic_arith 1381692177 \
      PB ieee/STD_LOGIC_UNSIGNED 1381692179
AR work/scancode2ascii/Behavioral 1416261427 \
      FL C:/Users/Aaron/Documents/ise/final/files/scancode2ascii.vhd \
      EN work/scancode2ascii 1416261426
FL C:/Users/Aaron/Documents/ise/final/files/sram16ctl.vhd 2014/10/29.13:36:49 P.20131013
EN work/sram16ctl 1416261440 \
      FL C:/Users/Aaron/Documents/ise/final/files/sram16ctl.vhd \
      PB ieee/std_logic_1164 1381692176 PB ieee/std_logic_arith 1381692177 \
      PB ieee/STD_LOGIC_UNSIGNED 1381692179
AR work/sram16ctl/Behavioral 1416261441 \
      FL C:/Users/Aaron/Documents/ise/final/files/sram16ctl.vhd EN work/sram16ctl 1416261440
FL C:/Users/Aaron/Documents/ise/final/files/videomem.vhd 2014/11/17.12:41:26 P.20131013
EN work/videomem 1416261444 \
      FL C:/Users/Aaron/Documents/ise/final/files/videomem.vhd \
      PB ieee/std_logic_1164 1381692176 PB ieee/std_logic_arith 1381692177 \
      PB ieee/STD_LOGIC_UNSIGNED 1381692179 PB ieee/MATH_REAL 1381692182
AR work/videomem/Behavioral 1416261445 \
      FL C:/Users/Aaron/Documents/ise/final/files/videomem.vhd EN work/videomem 1416261444 \
      CP work/wb_intercon CP work/videomem_master CP work/wb_vga640x480 \
      CP work/rock_master CP work/sram16ctl CP work/wb_ps2_kb
FL C:/Users/Aaron/Documents/ise/final/files/wb_arbiter.vhd 2014/10/15.12:58:58 P.20131013
EN work/wb_arbiter 1416261430 \
      FL C:/Users/Aaron/Documents/ise/final/files/wb_arbiter.vhd \
      PB ieee/std_logic_1164 1381692176
AR work/wb_arbiter/ARB0001a1 1416261431 \
      FL C:/Users/Aaron/Documents/ise/final/files/wb_arbiter.vhd \
      EN work/wb_arbiter 1416261430
FL C:/Users/Aaron/Documents/ise/final/files/wb_intercon.vhd 2014/10/15.12:57:58 P.20131013
EN work/wb_intercon 1416261432 \
      FL C:/Users/Aaron/Documents/ise/final/files/wb_intercon.vhd \
      PB ieee/std_logic_1164 1381692176
AR work/wb_intercon/ICN0002a1 1416261433 \
      FL C:/Users/Aaron/Documents/ise/final/files/wb_intercon.vhd \
      EN work/wb_intercon 1416261432 CP wb_arbiter
FL C:/Users/Aaron/Documents/ise/final/files/wb_ps2_kb.vhd 2014/10/15.13:00:21 P.20131013
EN work/wb_ps2_kb 1416261442 \
      FL C:/Users/Aaron/Documents/ise/final/files/wb_ps2_kb.vhd \
      PB ieee/std_logic_1164 1381692176 PB ieee/std_logic_arith 1381692177 \
      PB ieee/STD_LOGIC_UNSIGNED 1381692179
AR work/wb_ps2_kb/Behavioral 1416261443 \
      FL C:/Users/Aaron/Documents/ise/final/files/wb_ps2_kb.vhd EN work/wb_ps2_kb 1416261442
FL C:/Users/Aaron/Documents/ise/final/files/wb_vga640x480.vhd 2014/11/17.12:28:49 P.20131013
EN work/wb_vga640x480 1416261436 \
      FL C:/Users/Aaron/Documents/ise/final/files/wb_vga640x480.vhd \
      PB ieee/std_logic_1164 1381692176 PB ieee/std_logic_arith 1381692177 \
      PB ieee/STD_LOGIC_UNSIGNED 1381692179 LB UNISIM PH unisim/VCOMPONENTS 1381692182
AR work/wb_vga640x480/Behavioral 1416261437 \
      FL C:/Users/Aaron/Documents/ise/final/files/wb_vga640x480.vhd \
      EN work/wb_vga640x480 1416261436 CP work/clock_divider CP RAMB16_S36_S36
