V3 46
FL C:/Users/Aaron/Documents/ise/final/files/char8x12_lookup_table.vhd 2014/10/20.21:14:12 P.20131013
EN work/char8x12_lookup_table 1417921478 \
      FL C:/Users/Aaron/Documents/ise/final/files/char8x12_lookup_table.vhd \
      PB ieee/std_logic_1164 1381692176 PB ieee/std_logic_arith 1381692177 \
      PB ieee/STD_LOGIC_UNSIGNED 1381692179 LB UNISIM PH unisim/VCOMPONENTS 1381692182
AR work/char8x12_lookup_table/Behavioral 1417921479 \
      FL C:/Users/Aaron/Documents/ise/final/files/char8x12_lookup_table.vhd \
      EN work/char8x12_lookup_table 1417921478 CP RAMB16_S9
FL C:/Users/Aaron/Documents/ise/final/files/clock_divider.vhd 2014/10/02.15:10:02 P.20131013
EN work/clock_divider 1417921482 \
      FL C:/Users/Aaron/Documents/ise/final/files/clock_divider.vhd \
      PB ieee/std_logic_1164 1381692176 PB ieee/std_logic_arith 1381692177 \
      PB ieee/STD_LOGIC_UNSIGNED 1381692179
AR work/clock_divider/Behavioral 1417921483 \
      FL C:/Users/Aaron/Documents/ise/final/files/clock_divider.vhd \
      EN work/clock_divider 1417921482
FL C:/Users/Aaron/Documents/ise/final/files/master.vhd 2014/12/06.22:04:27 P.20131013
EN work/videomem_master 1417921488 \
      FL C:/Users/Aaron/Documents/ise/final/files/master.vhd \
      PB ieee/std_logic_1164 1381692176 PB ieee/std_logic_arith 1381692177 \
      PB ieee/STD_LOGIC_UNSIGNED 1381692179 PB ieee/MATH_REAL 1381692182
AR work/videomem_master/Behavioral 1417921489 \
      FL C:/Users/Aaron/Documents/ise/final/files/master.vhd \
      EN work/videomem_master 1417921488 CP work/char8x12_lookup_table \
      CP work/scancode2ascii
FL C:/Users/Aaron/Documents/ise/final/files/rock_master.vhd 2014/12/06.22:01:40 P.20131013
EN work/rock_master 1417921492 \
      FL C:/Users/Aaron/Documents/ise/final/files/rock_master.vhd \
      PB ieee/std_logic_1164 1381692176 PB ieee/std_logic_arith 1381692177 \
      PB ieee/STD_LOGIC_UNSIGNED 1381692179
AR work/rock_master/Behavioral 1417921493 \
      FL C:/Users/Aaron/Documents/ise/final/files/rock_master.vhd \
      EN work/rock_master 1417921492 CP work/char8x12_lookup_table \
      CP work/scancode2ascii
FL C:/Users/Aaron/Documents/ise/final/files/scancode2ascii.vhd 2014/11/13.15:12:22 P.20131013
EN work/scancode2ascii 1417921480 \
      FL C:/Users/Aaron/Documents/ise/final/files/scancode2ascii.vhd \
      PB ieee/std_logic_1164 1381692176 PB ieee/std_logic_arith 1381692177 \
      PB ieee/STD_LOGIC_UNSIGNED 1381692179
AR work/scancode2ascii/Behavioral 1417921481 \
      FL C:/Users/Aaron/Documents/ise/final/files/scancode2ascii.vhd \
      EN work/scancode2ascii 1417921480
FL C:/Users/Aaron/Documents/ise/final/files/sram16ctl.vhd 2014/10/29.13:36:49 P.20131013
EN work/sram16ctl 1417921494 \
      FL C:/Users/Aaron/Documents/ise/final/files/sram16ctl.vhd \
      PB ieee/std_logic_1164 1381692176 PB ieee/std_logic_arith 1381692177 \
      PB ieee/STD_LOGIC_UNSIGNED 1381692179
AR work/sram16ctl/Behavioral 1417921495 \
      FL C:/Users/Aaron/Documents/ise/final/files/sram16ctl.vhd EN work/sram16ctl 1417921494
FL C:/Users/Aaron/Documents/ise/final/files/videomem.vhd 2014/12/06.21:42:58 P.20131013
EN work/videomem 1417921498 \
      FL C:/Users/Aaron/Documents/ise/final/files/videomem.vhd \
      PB ieee/std_logic_1164 1381692176 PB ieee/std_logic_arith 1381692177 \
      PB ieee/STD_LOGIC_UNSIGNED 1381692179 PB ieee/MATH_REAL 1381692182
AR work/videomem/Behavioral 1417921499 \
      FL C:/Users/Aaron/Documents/ise/final/files/videomem.vhd EN work/videomem 1417921498 \
      CP work/wb_intercon CP work/videomem_master CP work/wb_vga640x480 \
      CP work/rock_master CP work/sram16ctl CP work/wb_ps2_kb
FL C:/Users/Aaron/Documents/ise/final/files/wb_arbiter.vhd 2014/10/15.12:58:58 P.20131013
EN work/wb_arbiter 1417921484 \
      FL C:/Users/Aaron/Documents/ise/final/files/wb_arbiter.vhd \
      PB ieee/std_logic_1164 1381692176
AR work/wb_arbiter/ARB0001a1 1417921485 \
      FL C:/Users/Aaron/Documents/ise/final/files/wb_arbiter.vhd \
      EN work/wb_arbiter 1417921484
FL C:/Users/Aaron/Documents/ise/final/files/wb_intercon.vhd 2014/10/15.12:57:58 P.20131013
EN work/wb_intercon 1417921486 \
      FL C:/Users/Aaron/Documents/ise/final/files/wb_intercon.vhd \
      PB ieee/std_logic_1164 1381692176
AR work/wb_intercon/ICN0002a1 1417921487 \
      FL C:/Users/Aaron/Documents/ise/final/files/wb_intercon.vhd \
      EN work/wb_intercon 1417921486 CP wb_arbiter
FL C:/Users/Aaron/Documents/ise/final/files/wb_ps2_kb.vhd 2014/10/15.13:00:21 P.20131013
EN work/wb_ps2_kb 1417921496 \
      FL C:/Users/Aaron/Documents/ise/final/files/wb_ps2_kb.vhd \
      PB ieee/std_logic_1164 1381692176 PB ieee/std_logic_arith 1381692177 \
      PB ieee/STD_LOGIC_UNSIGNED 1381692179
AR work/wb_ps2_kb/Behavioral 1417921497 \
      FL C:/Users/Aaron/Documents/ise/final/files/wb_ps2_kb.vhd EN work/wb_ps2_kb 1417921496
FL C:/Users/Aaron/Documents/ise/final/files/wb_vga640x480.vhd 2014/12/03.19:12:54 P.20131013
EN work/wb_vga640x480 1417921490 \
      FL C:/Users/Aaron/Documents/ise/final/files/wb_vga640x480.vhd \
      PB ieee/std_logic_1164 1381692176 PB ieee/std_logic_arith 1381692177 \
      PB ieee/STD_LOGIC_UNSIGNED 1381692179 LB UNISIM PH unisim/VCOMPONENTS 1381692182
AR work/wb_vga640x480/Behavioral 1417921491 \
      FL C:/Users/Aaron/Documents/ise/final/files/wb_vga640x480.vhd \
      EN work/wb_vga640x480 1417921490 CP work/clock_divider CP RAMB16_S36_S36
